[2026-03-14T16:34:29Z] [session-manager] INFO: New session created
[2026-03-14T16:37:57Z] [trigger-router] INFO: Cold start: help guide shown
[2026-03-14T16:41:16Z] [trigger-router] INFO: Cold start: help guide shown
[2026-03-14T16:47:51Z] [state-file-validator] WARN: WARN: Schema validation failed - Missing required field: plugin
[2026-03-14T16:52:39Z] [state-file-validator] WARN: WARN: Schema validation failed - Missing required field: plugin
[2026-03-14T16:52:50Z] [state-file-validator] WARN: WARN: Schema validation failed - Missing required field: plugin
[2026-03-14T16:53:01Z] [gate-enforcement] PASS: PASS: Not a Task call (Agent)
[2026-03-14T16:53:01Z] [phase-sequence-validator] PASS: PASS: Not a Task call (Agent)
[2026-03-14T16:54:43Z] [post-agent-hooks] PASS: PASS: Unknown agent, skipping
[2026-03-14T16:54:43Z] [training-status-check] PASS: PASS: Not a training agent
[2026-03-14T16:55:17Z] [state-file-validator] WARN: WARN: Schema validation failed - Missing required field: plugin
[2026-03-14T16:55:49Z] [state-file-validator] WARN: WARN: Schema validation failed - Missing required field: plugin
[2026-03-14T16:55:59Z] [gate-enforcement] PASS: PASS: Not a Task call (Agent)
[2026-03-14T16:55:59Z] [phase-sequence-validator] PASS: PASS: Not a Task call (Agent)
[2026-03-14T16:58:55Z] [post-agent-hooks] PASS: PASS: Unknown agent, skipping
[2026-03-14T16:58:55Z] [training-status-check] PASS: PASS: Not a training agent
[2026-03-14T16:59:01Z] [state-file-validator] WARN: WARN: Schema validation failed - Missing required field: plugin
[2026-03-14T16:59:25Z] [state-file-validator] WARN: WARN: Schema validation failed - Missing required field: plugin
[2026-03-14T16:59:38Z] [gate-enforcement] PASS: PASS: Not a Task call (Agent)
[2026-03-14T16:59:38Z] [phase-sequence-validator] PASS: PASS: Not a Task call (Agent)
[2026-03-14T16:59:48Z] [state-file-validator] WARN: WARN: Schema validation failed - Missing required field: plugin
[2026-03-14T16:59:52Z] [state-file-validator] WARN: WARN: Schema validation failed - Missing required field: plugin
[2026-03-14T17:00:36Z] [post-agent-hooks] PASS: PASS: Unknown agent, skipping
[2026-03-14T17:00:36Z] [training-status-check] PASS: PASS: Not a training agent
[2026-03-14T17:30:52Z] [trigger-router] INFO: Cold start: help guide shown
[2026-03-14T17:30:52Z] [trigger-router] INFO: Cold start: help guide shown
[2026-03-14T17:30:52Z] [trigger-router] INFO: Cold start: help guide shown
[2026-03-14T17:30:52Z] [trigger-router] INFO: Cold start: help guide shown
[2026-03-14T17:30:52Z] [trigger-router] INFO: Cold start: help guide shown
[2026-03-14T17:30:52Z] [trigger-router] INFO: Cold start: help guide shown
[2026-03-14T17:30:52Z] [trigger-router] INFO: Cold start: help guide shown
[2026-03-14T17:33:40Z] [trigger-router] INFO: Cold start: help guide shown
[2026-03-14T17:34:49Z] [gate-enforcement] PASS: PASS: Not a Task call (Agent)
[2026-03-14T17:34:49Z] [phase-sequence-validator] PASS: PASS: Not a Task call (Agent)
[2026-03-14T17:36:12Z] [post-agent-hooks] PASS: PASS: Unknown agent, skipping
[2026-03-14T17:36:12Z] [training-status-check] PASS: PASS: Not a training agent
[2026-03-14T17:38:59Z] [state-file-validator] WARN: WARN: Schema validation failed - Missing required field: plugin
[2026-03-14T17:39:03Z] [state-file-validator] WARN: WARN: Schema validation failed - Missing required field: plugin
[2026-03-14T17:39:15Z] [gate-enforcement] PASS: PASS: Not a Task call (Agent)
[2026-03-14T17:39:15Z] [phase-sequence-validator] PASS: PASS: Not a Task call (Agent)
[2026-03-14T17:40:34Z] [post-agent-hooks] PASS: PASS: Unknown agent, skipping
[2026-03-14T17:40:34Z] [training-status-check] PASS: PASS: Not a training agent
[2026-03-14T17:41:27Z] [gate-enforcement] PASS: PASS: Not a Task call (Agent)
[2026-03-14T17:41:27Z] [phase-sequence-validator] PASS: PASS: Not a Task call (Agent)
[2026-03-14T17:42:26Z] [post-agent-hooks] PASS: PASS: Unknown agent, skipping
[2026-03-14T17:42:26Z] [training-status-check] PASS: PASS: Not a training agent
[2026-03-14T17:43:37Z] [state-file-validator] WARN: WARN: Schema validation failed - Missing required field: plugin
[2026-03-14T17:47:14Z] [state-file-validator] WARN: WARN: Schema validation failed - Missing required field: plugin
[2026-03-14T17:47:26Z] [gate-enforcement] PASS: PASS: Not a Task call (Agent)
[2026-03-14T17:47:26Z] [phase-sequence-validator] PASS: PASS: Not a Task call (Agent)
[2026-03-14T17:49:29Z] [state-file-validator] WARN: WARN: Schema validation failed - Missing required field: plugin
[2026-03-14T17:49:47Z] [experiment-workflow-enforcer] BLOCK: BLOCK: Experiment workflow at VERIFY_C, not COMPLETE
[2026-03-14T17:49:58Z] [gate-enforcement] PASS: PASS: Not a Task call (Agent)
[2026-03-14T17:49:58Z] [phase-sequence-validator] PASS: PASS: Not a Task call (Agent)
[2026-03-14T17:50:07Z] [post-agent-hooks] PASS: PASS: Unknown agent, skipping
[2026-03-14T17:50:07Z] [training-status-check] PASS: PASS: Not a training agent
[2026-03-14T17:51:11Z] [post-agent-hooks] PASS: PASS: Unknown agent, skipping
[2026-03-14T17:51:11Z] [training-status-check] PASS: PASS: Not a training agent
[2026-03-14T17:51:22Z] [state-file-validator] WARN: WARN: Schema validation failed - Missing required field: plugin
[2026-03-14T17:51:33Z] [gate-enforcement] PASS: PASS: Not a Task call (Agent)
[2026-03-14T17:51:33Z] [phase-sequence-validator] PASS: PASS: Not a Task call (Agent)
[2026-03-14T17:52:22Z] [post-agent-hooks] PASS: PASS: Unknown agent, skipping
[2026-03-14T17:52:22Z] [training-status-check] PASS: PASS: Not a training agent
[2026-03-14T17:52:30Z] [state-file-validator] WARN: WARN: Schema validation failed - Missing required field: plugin
[2026-03-14T17:52:37Z] [trigger-router] INFO: Cold start: help guide shown
[2026-03-14T17:52:37Z] [trigger-router] INFO: Cold start: help guide shown
[2026-03-14T17:52:37Z] [trigger-router] INFO: Cold start: help guide shown
[2026-03-14T17:52:37Z] [trigger-router] INFO: Cold start: help guide shown
[2026-03-14T17:52:37Z] [trigger-router] INFO: Cold start: help guide shown
[2026-03-14T17:52:37Z] [trigger-router] INFO: Cold start: help guide shown
[2026-03-14T18:24:21Z] [trigger-router] INFO: Cold start: help guide shown
[2026-03-14T18:31:45Z] [trigger-router] INFO: Cold start: help guide shown
[2026-03-14T18:53:48Z] [trigger-router] INFO: Cold start: help guide shown
[2026-03-14T18:53:48Z] [trigger-router] INFO: Cold start: help guide shown
[2026-03-14T18:53:48Z] [trigger-router] INFO: Cold start: help guide shown
[2026-03-14T18:53:48Z] [trigger-router] INFO: Cold start: help guide shown
[2026-03-14T18:53:48Z] [trigger-router] INFO: Cold start: help guide shown
[2026-03-14T18:53:48Z] [trigger-router] INFO: Cold start: help guide shown
[2026-03-14T18:53:48Z] [trigger-router] INFO: Cold start: help guide shown
[2026-03-14T18:53:48Z] [trigger-router] INFO: Cold start: help guide shown
[2026-03-14T18:53:48Z] [trigger-router] INFO: Cold start: help guide shown
[2026-03-14T18:53:48Z] [trigger-router] INFO: Cold start: help guide shown
[2026-03-14T18:53:48Z] [trigger-router] INFO: Cold start: help guide shown
[2026-03-14T18:53:48Z] [trigger-router] INFO: Cold start: help guide shown
[2026-03-14T18:54:58Z] [trigger-router] INFO: Cold start: help guide shown
[2026-03-14T18:55:41Z] [trigger-router] INFO: Cold start: help guide shown
[2026-03-14T18:56:00Z] [trigger-router] INFO: Cold start: help guide shown
[2026-03-14T18:57:16Z] [trigger-router] INFO: Cold start: help guide shown
[2026-03-14T18:57:16Z] [trigger-router] INFO: Cold start: help guide shown
[2026-03-14T18:58:03Z] [trigger-router] INFO: Cold start: help guide shown
[2026-03-14T18:58:46Z] [trigger-router] INFO: Cold start: help guide shown
[2026-03-14T18:59:31Z] [trigger-router] INFO: Cold start: help guide shown
[2026-03-14T19:02:37Z] [trigger-router] INFO: Cold start: help guide shown
[2026-03-14T19:07:28Z] [trigger-router] INFO: Cold start: help guide shown
[2026-03-14T19:16:51Z] [trigger-router] INFO: Cold start: help guide shown
[2026-03-14T20:48:24Z] [trigger-router] INFO: Cold start: help guide shown
[2026-03-14T20:49:21Z] [trigger-router] INFO: Cold start: help guide shown
[2026-03-14T20:51:22Z] [trigger-router] INFO: Cold start: help guide shown
[2026-03-14T20:56:41Z] [trigger-router] INFO: Cold start: help guide shown
[2026-03-14T20:56:41Z] [trigger-router] INFO: Cold start: help guide shown
[2026-03-14T20:56:41Z] [trigger-router] INFO: Cold start: help guide shown
[2026-03-14T20:56:41Z] [trigger-router] INFO: Cold start: help guide shown
[2026-03-14T20:56:41Z] [trigger-router] INFO: Cold start: help guide shown
[2026-03-14T21:23:43Z] [trigger-router] INFO: Cold start: help guide shown
[2026-03-14T21:23:43Z] [trigger-router] INFO: Cold start: help guide shown
[2026-03-14T21:23:43Z] [trigger-router] INFO: Cold start: help guide shown
[2026-03-14T21:23:43Z] [trigger-router] INFO: Cold start: help guide shown
[2026-03-14T21:23:43Z] [trigger-router] INFO: Cold start: help guide shown
[2026-03-14T21:23:43Z] [trigger-router] INFO: Cold start: help guide shown
[2026-03-15T01:15:28Z] [trigger-router] INFO: Cold start: help guide shown
[2026-03-15T01:26:21Z] [post-agent-hooks] PASS: PASS: Unknown agent, skipping
[2026-03-15T01:26:21Z] [training-status-check] PASS: PASS: Not a training agent
[2026-03-15T01:26:30Z] [post-agent-hooks] PASS: PASS: Unknown agent, skipping
[2026-03-15T01:26:30Z] [training-status-check] PASS: PASS: Not a training agent
[2026-03-15T01:29:03Z] [post-agent-hooks] PASS: PASS: Unknown agent, skipping
[2026-03-15T01:29:03Z] [training-status-check] PASS: PASS: Not a training agent
[2026-03-15T01:30:18Z] [post-agent-hooks] PASS: PASS: Unknown agent, skipping
[2026-03-15T01:30:18Z] [training-status-check] PASS: PASS: Not a training agent
[2026-03-15T01:31:35Z] [post-agent-hooks] PASS: PASS: Unknown agent, skipping
[2026-03-15T01:31:35Z] [training-status-check] PASS: PASS: Not a training agent
[2026-03-15T01:33:13Z] [post-agent-hooks] PASS: PASS: Unknown agent, skipping
[2026-03-15T01:33:13Z] [training-status-check] PASS: PASS: Not a training agent
[2026-03-15T01:36:58Z] [post-agent-hooks] PASS: PASS: Unknown agent, skipping
[2026-03-15T01:36:58Z] [training-status-check] PASS: PASS: Not a training agent
[2026-03-15T01:38:18Z] [trigger-router] INFO: Cold start: help guide shown
[2026-03-15T02:26:40Z] [trigger-router] INFO: Cold start: help guide shown
[2026-03-15T02:26:40Z] [trigger-router] INFO: Cold start: help guide shown
[2026-03-15T02:40:30Z] [trigger-router] INFO: Cold start: help guide shown
[2026-03-15T03:04:38Z] [trigger-router] INFO: Cold start: help guide shown
[2026-03-15T03:04:39Z] [trigger-router] INFO: Cold start: help guide shown
[2026-03-15T03:04:39Z] [trigger-router] INFO: Cold start: help guide shown
[2026-03-15T03:04:39Z] [trigger-router] INFO: Cold start: help guide shown
[2026-03-15T03:04:39Z] [trigger-router] INFO: Cold start: help guide shown
[2026-03-15T03:04:39Z] [trigger-router] INFO: Cold start: help guide shown
[2026-03-15T03:04:39Z] [trigger-router] INFO: Cold start: help guide shown
[2026-03-15T03:10:50Z] [gate-enforcement] PASS: PASS: Not a Task call (Agent)
[2026-03-15T03:10:50Z] [phase-sequence-validator] PASS: PASS: Not a Task call (Agent)
[2026-03-15T03:11:38Z] [post-agent-hooks] PASS: PASS: Unknown agent, skipping
[2026-03-15T03:11:38Z] [training-status-check] PASS: PASS: Not a training agent
[2026-03-15T03:26:58Z] [trigger-router] INFO: Cold start: help guide shown
[2026-03-15T04:39:47Z] [trigger-router] INFO: Cold start: help guide shown
[2026-03-15T05:07:15Z] [trigger-router] INFO: Cold start: help guide shown
[2026-03-15T05:07:26Z] [trigger-router] INFO: Cold start: help guide shown
[2026-03-15T06:08:11Z] [trigger-router] INFO: Cold start: help guide shown
[2026-03-15T07:31:56Z] [trigger-router] INFO: Cold start: help guide shown
[2026-03-15T07:34:42Z] [trigger-router] INFO: Cold start: help guide shown
[2026-03-15T13:28:01Z] [trigger-router] INFO: Cold start: help guide shown
[2026-03-15T13:28:02Z] [trigger-router] INFO: Cold start: help guide shown
[2026-03-15T14:07:14Z] [trigger-router] INFO: Cold start: help guide shown
[2026-03-15T14:38:53Z] [trigger-router] INFO: Cold start: help guide shown
[2026-03-16T00:37:39Z] [trigger-router] INFO: Cold start: help guide shown
[2026-03-16T00:39:29Z] [trigger-router] INFO: Cold start: help guide shown
[2026-03-16T00:41:10Z] [trigger-router] INFO: Cold start: help guide shown
[2026-03-16T00:41:49Z] [trigger-router] INFO: Cold start: help guide shown
[2026-03-16T00:49:40Z] [trigger-router] INFO: Cold start: help guide shown
[2026-03-16T00:52:49Z] [trigger-router] INFO: Cold start: help guide shown
[2026-03-16T00:53:50Z] [trigger-router] INFO: Cold start: help guide shown
[2026-03-16T01:08:08Z] [trigger-router] INFO: Cold start: help guide shown
[2026-03-16T01:08:09Z] [trigger-router] INFO: Cold start: help guide shown
[2026-03-16T01:08:09Z] [trigger-router] INFO: Cold start: help guide shown
[2026-03-16T01:08:09Z] [trigger-router] INFO: Cold start: help guide shown
[2026-03-16T01:09:21Z] [trigger-router] INFO: Cold start: help guide shown
[2026-03-16T01:12:02Z] [trigger-router] INFO: Cold start: help guide shown
[2026-03-16T02:44:22Z] [trigger-router] INFO: Cold start: help guide shown
[2026-03-16T02:55:37Z] [trigger-router] INFO: Cold start: help guide shown
[2026-03-16T02:57:41Z] [trigger-router] INFO: Cold start: help guide shown
[2026-03-16T02:58:25Z] [trigger-router] INFO: Cold start: help guide shown
[2026-03-16T02:59:03Z] [trigger-router] INFO: Cold start: help guide shown
[2026-03-16T03:00:50Z] [trigger-router] INFO: Cold start: help guide shown
[2026-03-16T03:46:50Z] [trigger-router] INFO: Cold start: help guide shown
[2026-03-16T04:39:33Z] [trigger-router] INFO: Cold start: help guide shown
[2026-03-16T05:09:36Z] [trigger-router] INFO: Cold start: help guide shown
[2026-03-16T05:10:28Z] [trigger-router] INFO: Cold start: help guide shown
[2026-03-16T05:14:42Z] [trigger-router] INFO: Cold start: help guide shown
[2026-03-16T05:17:06Z] [trigger-router] INFO: Cold start: help guide shown
[2026-03-16T05:29:49Z] [trigger-router] INFO: Cold start: help guide shown
[2026-03-16T05:30:00Z] [trigger-router] INFO: Cold start: help guide shown
[2026-03-16T05:31:23Z] [trigger-router] INFO: Cold start: help guide shown
[2026-03-16T05:35:40Z] [trigger-router] INFO: Cold start: help guide shown
[2026-03-16T05:36:41Z] [trigger-router] INFO: Cold start: help guide shown
[2026-03-16T05:43:59Z] [trigger-router] INFO: Cold start: help guide shown
[2026-03-16T05:43:59Z] [trigger-router] INFO: Cold start: help guide shown
[2026-03-16T05:58:38Z] [trigger-router] INFO: Cold start: help guide shown
[2026-03-16T05:59:04Z] [trigger-router] INFO: Cold start: help guide shown
[2026-03-16T05:59:29Z] [trigger-router] INFO: Cold start: help guide shown
[2026-03-16T06:00:29Z] [trigger-router] INFO: Cold start: help guide shown
[2026-03-16T06:50:37Z] [trigger-router] INFO: Cold start: help guide shown
[2026-03-16T07:00:19Z] [trigger-router] INFO: Cold start: help guide shown
[2026-03-16T07:03:45Z] [trigger-router] INFO: Cold start: help guide shown
[2026-03-16T07:30:45Z] [trigger-router] INFO: Cold start: help guide shown
[2026-03-16T07:32:37Z] [post-agent-hooks] PASS: PASS: Unknown agent, skipping
[2026-03-16T07:32:37Z] [training-status-check] PASS: PASS: Not a training agent
[2026-03-16T07:32:38Z] [session-manager] WARN: Session expired after 39.0h (TTL: 24h). Resetting.
[2026-03-16T07:32:45Z] [gate-enforcement] PASS: PASS: Not a Task call (Agent)
[2026-03-16T07:32:45Z] [phase-sequence-validator] PASS: PASS: Not a Task call (Agent)
[2026-03-16T07:34:08Z] [training-status-check] PASS: PASS: Not a training agent
[2026-03-16T07:34:08Z] [post-agent-hooks] PASS: PASS: Unknown agent, skipping
[2026-03-16T07:34:14Z] [gate-enforcement] PASS: PASS: Not a Task call (Agent)
[2026-03-16T07:34:14Z] [phase-sequence-validator] PASS: PASS: Not a Task call (Agent)
[2026-03-16T07:34:16Z] [gate-enforcement] PASS: PASS: Not a Task call (Agent)
[2026-03-16T07:34:16Z] [phase-sequence-validator] PASS: PASS: Not a Task call (Agent)
[2026-03-16T07:35:03Z] [post-agent-hooks] PASS: PASS: Unknown agent, skipping
[2026-03-16T07:35:03Z] [training-status-check] PASS: PASS: Not a training agent
[2026-03-16T07:35:46Z] [post-agent-hooks] PASS: PASS: Unknown agent, skipping
[2026-03-16T07:35:46Z] [training-status-check] PASS: PASS: Not a training agent
[2026-03-16T07:41:20Z] [trigger-router] INFO: Cold start: help guide shown
[2026-03-16T07:42:31Z] [gate-enforcement] PASS: PASS: Not a Task call (Agent)
[2026-03-16T07:42:31Z] [phase-sequence-validator] PASS: PASS: Not a Task call (Agent)
[2026-03-16T07:44:30Z] [post-agent-hooks] PASS: PASS: Unknown agent, skipping
[2026-03-16T07:44:30Z] [training-status-check] PASS: PASS: Not a training agent
[2026-03-16T07:48:21Z] [trigger-router] INFO: Cold start: help guide shown
[2026-03-16T07:49:48Z] [trigger-router] INFO: Cold start: help guide shown
[2026-03-16T07:50:19Z] [trigger-router] INFO: Cold start: help guide shown
[2026-03-16T07:50:50Z] [trigger-router] INFO: Cold start: help guide shown
[2026-03-16T07:50:59Z] [gate-enforcement] PASS: PASS: Not a Task call (Agent)
[2026-03-16T07:50:59Z] [phase-sequence-validator] PASS: PASS: Not a Task call (Agent)
[2026-03-16T07:51:29Z] [post-agent-hooks] PASS: PASS: Unknown agent, skipping
[2026-03-16T07:51:29Z] [training-status-check] PASS: PASS: Not a training agent
[2026-03-16T08:17:47Z] [trigger-router] INFO: Cold start: help guide shown
[2026-03-16T08:54:05Z] [trigger-router] INFO: Cold start: help guide shown
[2026-03-16T08:56:59Z] [trigger-router] INFO: Cold start: help guide shown
[2026-03-16T09:00:45Z] [trigger-router] INFO: Cold start: help guide shown
[2026-03-16T09:04:35Z] [trigger-router] INFO: Cold start: help guide shown
[2026-03-16T09:06:42Z] [trigger-router] INFO: Cold start: help guide shown
[2026-03-16T09:08:46Z] [trigger-router] INFO: Cold start: help guide shown
[2026-03-16T09:12:09Z] [trigger-router] INFO: Cold start: help guide shown
[2026-03-16T09:17:34Z] [trigger-router] INFO: Cold start: help guide shown
[2026-03-16T09:19:35Z] [trigger-router] INFO: Cold start: help guide shown
[2026-03-16T09:27:24Z] [trigger-router] INFO: Cold start: help guide shown
[2026-03-16T09:31:00Z] [trigger-router] INFO: Cold start: help guide shown
[2026-03-16T09:34:27Z] [trigger-router] INFO: Cold start: help guide shown
[2026-03-16T09:35:43Z] [trigger-router] INFO: Cold start: help guide shown
[2026-03-16T09:46:46Z] [trigger-router] INFO: Cold start: help guide shown
[2026-03-16T09:48:38Z] [trigger-router] INFO: Cold start: help guide shown
[2026-03-16T09:58:47Z] [trigger-router] INFO: Cold start: help guide shown
[2026-03-16T09:58:47Z] [trigger-router] INFO: Cold start: help guide shown
[2026-03-16T10:02:51Z] [trigger-router] INFO: Cold start: help guide shown
[2026-03-16T10:06:12Z] [trigger-router] INFO: Cold start: help guide shown
[2026-03-16T10:08:26Z] [trigger-router] INFO: Cold start: help guide shown
[2026-03-16T10:17:09Z] [trigger-router] INFO: Cold start: help guide shown
[2026-03-16T10:17:36Z] [trigger-router] INFO: Cold start: help guide shown
[2026-03-16T23:29:57Z] [trigger-router] INFO: Cold start: help guide shown
[2026-03-16T23:31:00Z] [trigger-router] INFO: Cold start: help guide shown
[2026-03-16T23:31:53Z] [trigger-router] INFO: Cold start: help guide shown
[2026-03-16T23:38:42Z] [trigger-router] INFO: Cold start: help guide shown
[2026-03-16T23:48:18Z] [trigger-router] INFO: Cold start: help guide shown
[2026-03-16T23:49:36Z] [trigger-router] INFO: Cold start: help guide shown
[2026-03-16T23:49:46Z] [gate-enforcement] PASS: PASS: Not a Task call (Agent)
[2026-03-16T23:49:46Z] [phase-sequence-validator] PASS: PASS: Not a Task call (Agent)
[2026-03-16T23:50:48Z] [post-agent-hooks] PASS: PASS: Unknown agent, skipping
[2026-03-16T23:50:48Z] [training-status-check] PASS: PASS: Not a training agent
[2026-03-16T23:52:28Z] [trigger-router] INFO: Cold start: help guide shown
[2026-03-16T23:53:14Z] [state-file-validator] WARN: WARN: Schema validation failed - Missing required field: plugin
[2026-03-16T23:55:57Z] [gate-enforcement] PASS: PASS: Not a Task call (Agent)
[2026-03-16T23:55:57Z] [phase-sequence-validator] PASS: PASS: Not a Task call (Agent)
[2026-03-16T23:56:33Z] [experiment-workflow-enforcer] BLOCK: BLOCK: Experiment workflow at CODE_IMPL, not COMPLETE
[2026-03-16T23:57:05Z] [post-agent-hooks] PASS: PASS: Unknown agent, skipping
[2026-03-16T23:57:05Z] [training-status-check] PASS: PASS: Not a training agent
[2026-03-16T23:59:17Z] [state-file-validator] WARN: WARN: Schema validation failed - Missing required field: plugin
[2026-03-16T23:59:29Z] [experiment-workflow-enforcer] BLOCK: BLOCK: Experiment workflow at TRANSFORM, not COMPLETE
[2026-03-17T00:08:52Z] [trigger-router] INFO: Cold start: help guide shown
[2026-03-17T00:09:47Z] [experiment-workflow-enforcer] BLOCK: BLOCK: Experiment workflow at TRANSFORM, not COMPLETE
[2026-03-17T00:20:26Z] [gate-enforcement] PASS: PASS: Not a Task call (Agent)
[2026-03-17T00:20:26Z] [phase-sequence-validator] PASS: PASS: Not a Task call (Agent)
[2026-03-17T00:26:07Z] [post-agent-hooks] PASS: PASS: Unknown agent, skipping
[2026-03-17T00:26:07Z] [training-status-check] PASS: PASS: Not a training agent
[2026-03-17T02:00:57Z] [state-file-validator] WARN: WARN: Schema validation failed - Missing required field: plugin
[2026-03-17T02:01:41Z] [state-file-validator] WARN: WARN: Schema validation failed - Missing required field: plugin
[2026-03-17T02:01:56Z] [trigger-router] INFO: Cold start: help guide shown
[2026-03-17T02:01:57Z] [trigger-router] INFO: Cold start: help guide shown
[2026-03-17T02:01:57Z] [trigger-router] INFO: Cold start: help guide shown
[2026-03-17T02:01:57Z] [trigger-router] INFO: Cold start: help guide shown
[2026-03-17T02:01:57Z] [trigger-router] INFO: Cold start: help guide shown
[2026-03-17T02:01:57Z] [trigger-router] INFO: Cold start: help guide shown
[2026-03-17T02:01:57Z] [trigger-router] INFO: Cold start: help guide shown
[2026-03-17T02:01:57Z] [trigger-router] INFO: Cold start: help guide shown
[2026-03-17T02:01:57Z] [trigger-router] INFO: Cold start: help guide shown
[2026-03-17T02:01:57Z] [trigger-router] INFO: Cold start: help guide shown
[2026-03-17T02:01:57Z] [trigger-router] INFO: Cold start: help guide shown
[2026-03-17T02:01:57Z] [trigger-router] INFO: Cold start: help guide shown
[2026-03-17T02:01:57Z] [trigger-router] INFO: Cold start: help guide shown
[2026-03-17T02:24:44Z] [trigger-router] INFO: Cold start: help guide shown
[2026-03-17T02:32:59Z] [trigger-router] INFO: Cold start: help guide shown
[2026-03-17T08:09:30Z] [trigger-router] INFO: Cold start: help guide shown
[2026-03-17T08:18:30Z] [trigger-router] INFO: Cold start: help guide shown
[2026-03-17T08:20:41Z] [trigger-router] INFO: Cold start: help guide shown
[2026-03-17T10:59:30Z] [trigger-router] INFO: Cold start: help guide shown
[2026-03-18T00:09:25Z] [trigger-router] INFO: Cold start: help guide shown
[2026-03-18T00:12:46Z] [trigger-router] INFO: Cold start: help guide shown
[2026-03-18T00:14:06Z] [gate-enforcement] PASS: PASS: Not a Task call (Agent)
[2026-03-18T00:14:06Z] [phase-sequence-validator] PASS: PASS: Not a Task call (Agent)
[2026-03-18T00:15:23Z] [gate-enforcement] PASS: PASS: Not a Task call (Agent)
[2026-03-18T00:15:23Z] [phase-sequence-validator] PASS: PASS: Not a Task call (Agent)
[2026-03-18T00:20:06Z] [trigger-router] INFO: Cold start: help guide shown
[2026-03-18T00:32:47Z] [trigger-router] INFO: Cold start: help guide shown
[2026-03-18T01:36:33Z] [trigger-router] INFO: Cold start: help guide shown
[2026-03-18T01:40:32Z] [trigger-router] INFO: Cold start: help guide shown
[2026-03-18T01:56:07Z] [post-agent-hooks] PASS: PASS: Unknown agent, skipping
[2026-03-18T01:56:07Z] [training-status-check] PASS: PASS: Not a training agent
[2026-03-18T01:56:07Z] [trigger-router] INFO: Cold start: help guide shown
[2026-03-18T01:56:37Z] [gate-enforcement] PASS: PASS: Not a Task call (Agent)
[2026-03-18T01:56:37Z] [phase-sequence-validator] PASS: PASS: Not a Task call (Agent)
[2026-03-18T02:02:32Z] [post-agent-hooks] PASS: PASS: Unknown agent, skipping
[2026-03-18T02:02:32Z] [training-status-check] PASS: PASS: Not a training agent
[2026-03-18T02:02:32Z] [trigger-router] INFO: Cold start: help guide shown
[2026-03-18T04:21:47Z] [trigger-router] INFO: Cold start: help guide shown
[2026-03-18T04:23:06Z] [trigger-router] INFO: Cold start: help guide shown
[2026-03-18T04:24:08Z] [trigger-router] INFO: Cold start: help guide shown
[2026-03-18T04:24:32Z] [gate-enforcement] PASS: PASS: Not a Task call (Agent)
[2026-03-18T04:24:32Z] [phase-sequence-validator] PASS: PASS: Not a Task call (Agent)
[2026-03-18T04:30:40Z] [post-agent-hooks] PASS: PASS: Unknown agent, skipping
[2026-03-18T04:30:40Z] [training-status-check] PASS: PASS: Not a training agent
[2026-03-18T04:30:40Z] [trigger-router] INFO: Cold start: help guide shown
[2026-03-18T04:45:19Z] [trigger-router] INFO: Cold start: help guide shown
[2026-03-18T04:46:25Z] [trigger-router] INFO: Cold start: help guide shown
[2026-03-18T04:55:15Z] [trigger-router] INFO: Cold start: help guide shown
[2026-03-18T05:20:13Z] [trigger-router] INFO: Cold start: help guide shown
[2026-03-18T05:26:02Z] [trigger-router] INFO: Cold start: help guide shown
[2026-03-18T05:27:01Z] [trigger-router] INFO: Cold start: help guide shown
[2026-03-18T05:28:53Z] [trigger-router] INFO: Cold start: help guide shown
[2026-03-18T05:32:58Z] [trigger-router] INFO: Cold start: help guide shown
[2026-03-18T05:50:47Z] [trigger-router] INFO: Cold start: help guide shown
[2026-03-18T05:53:29Z] [trigger-router] INFO: Cold start: help guide shown
[2026-03-18T07:02:05Z] [trigger-router] INFO: Cold start: help guide shown
[2026-03-18T07:34:09Z] [trigger-router] INFO: Cold start: help guide shown
[2026-03-18T07:39:18Z] [trigger-router] INFO: Cold start: help guide shown
[2026-03-18T07:56:41Z] [trigger-router] INFO: Cold start: help guide shown
[2026-03-18T09:32:18Z] [trigger-router] INFO: Cold start: help guide shown
[2026-03-18T09:56:08Z] [trigger-router] INFO: Cold start: help guide shown
[2026-03-18T09:56:16Z] [gate-enforcement] PASS: PASS: Not a Task call (Agent)
[2026-03-18T09:56:16Z] [phase-sequence-validator] PASS: PASS: Not a Task call (Agent)
[2026-03-18T09:58:20Z] [post-agent-hooks] PASS: PASS: Unknown agent, skipping
[2026-03-18T09:58:20Z] [training-status-check] PASS: PASS: Not a training agent
[2026-03-18T10:01:57Z] [trigger-router] INFO: Cold start: help guide shown
[2026-03-18T10:05:12Z] [trigger-router] INFO: Cold start: help guide shown
[2026-03-18T11:24:44Z] [trigger-router] INFO: Cold start: help guide shown
[2026-03-18T11:27:25Z] [trigger-router] INFO: Cold start: help guide shown
[2026-03-18T11:31:49Z] [trigger-router] INFO: Cold start: help guide shown
[2026-03-18T11:32:26Z] [trigger-router] INFO: Cold start: help guide shown
[2026-03-18T11:34:07Z] [gate-enforcement] PASS: PASS: Not a Task call (Agent)
[2026-03-18T11:34:07Z] [phase-sequence-validator] PASS: PASS: Not a Task call (Agent)
[2026-03-18T11:35:37Z] [trigger-router] INFO: Cold start: help guide shown
[2026-03-18T11:36:10Z] [trigger-router] INFO: Cold start: help guide shown
[2026-03-18T11:36:27Z] [gate-enforcement] PASS: PASS: Not a Task call (Agent)
[2026-03-18T11:36:27Z] [phase-sequence-validator] PASS: PASS: Not a Task call (Agent)
[2026-03-18T11:40:30Z] [trigger-router] INFO: Cold start: help guide shown
[2026-03-18T11:40:39Z] [gate-enforcement] PASS: PASS: Not a Task call (Agent)
[2026-03-18T11:40:39Z] [phase-sequence-validator] PASS: PASS: Not a Task call (Agent)
[2026-03-18T11:42:11Z] [post-agent-hooks] PASS: PASS: Unknown agent, skipping
[2026-03-18T11:42:11Z] [training-status-check] PASS: PASS: Not a training agent
[2026-03-18T11:44:07Z] [trigger-router] INFO: Cold start: help guide shown
[2026-03-18T11:51:19Z] [post-agent-hooks] PASS: PASS: Unknown agent, skipping
[2026-03-18T11:51:19Z] [training-status-check] PASS: PASS: Not a training agent
[2026-03-18T11:51:19Z] [trigger-router] INFO: Cold start: help guide shown
[2026-03-18T11:51:38Z] [trigger-router] INFO: Cold start: help guide shown
[2026-03-18T11:58:02Z] [trigger-router] INFO: Cold start: help guide shown
[2026-03-18T12:01:51Z] [trigger-router] INFO: Cold start: help guide shown
[2026-03-18T12:05:45Z] [trigger-router] INFO: Cold start: help guide shown
[2026-03-18T13:27:51Z] [trigger-router] INFO: Cold start: help guide shown
[2026-03-18T14:42:10Z] [trigger-router] INFO: Cold start: help guide shown
[2026-03-18T14:44:50Z] [trigger-router] INFO: Cold start: help guide shown
[2026-03-18T14:54:38Z] [trigger-router] INFO: Cold start: help guide shown
[2026-03-18T15:05:05Z] [trigger-router] INFO: Cold start: help guide shown
[2026-03-18T17:24:08Z] [trigger-router] INFO: Cold start: help guide shown
[2026-03-18T23:43:34Z] [trigger-router] INFO: Cold start: help guide shown
[2026-03-18T23:56:39Z] [trigger-router] INFO: Cold start: help guide shown
[2026-03-19T00:01:25Z] [trigger-router] INFO: Cold start: help guide shown
[2026-03-19T00:03:34Z] [trigger-router] INFO: Cold start: help guide shown
[2026-03-19T00:03:59Z] [gate-enforcement] PASS: PASS: Not a Task call (Agent)
[2026-03-19T00:03:59Z] [phase-sequence-validator] PASS: PASS: Not a Task call (Agent)
[2026-03-19T00:08:11Z] [post-agent-hooks] PASS: PASS: Unknown agent, skipping
[2026-03-19T00:08:11Z] [training-status-check] PASS: PASS: Not a training agent
[2026-03-19T00:08:11Z] [trigger-router] INFO: Cold start: help guide shown
[2026-03-19T00:18:22Z] [trigger-router] INFO: Cold start: help guide shown
[2026-03-19T00:29:11Z] [trigger-router] INFO: Cold start: help guide shown
[2026-03-19T00:53:29Z] [trigger-router] INFO: Cold start: help guide shown
[2026-03-19T00:59:14Z] [trigger-router] INFO: Cold start: help guide shown
[2026-03-19T01:01:57Z] [trigger-router] INFO: Cold start: help guide shown
[2026-03-19T03:50:07Z] [trigger-router] INFO: Cold start: help guide shown
[2026-03-19T03:51:42Z] [trigger-router] INFO: Cold start: help guide shown
[2026-03-19T03:54:07Z] [trigger-router] INFO: Cold start: help guide shown
[2026-03-19T03:58:34Z] [trigger-router] INFO: Cold start: help guide shown
[2026-03-19T04:05:48Z] [trigger-router] INFO: Cold start: help guide shown
[2026-03-19T04:16:02Z] [trigger-router] INFO: Cold start: help guide shown
[2026-03-19T04:18:02Z] [trigger-router] INFO: Cold start: help guide shown
[2026-03-19T04:50:10Z] [trigger-router] INFO: Cold start: help guide shown
[2026-03-19T05:40:11Z] [trigger-router] INFO: Cold start: help guide shown
[2026-03-19T05:42:44Z] [trigger-router] INFO: Cold start: help guide shown
[2026-03-19T05:44:31Z] [trigger-router] INFO: Cold start: help guide shown
[2026-03-19T05:48:28Z] [trigger-router] INFO: Cold start: help guide shown
[2026-03-19T05:59:09Z] [trigger-router] INFO: Cold start: help guide shown
[2026-03-19T06:19:09Z] [trigger-router] INFO: Cold start: help guide shown
[2026-03-19T06:19:51Z] [trigger-router] INFO: Cold start: help guide shown
[2026-03-19T06:28:54Z] [trigger-router] INFO: Cold start: help guide shown
[2026-03-19T07:29:15Z] [trigger-router] INFO: Cold start: help guide shown
[2026-03-19T08:29:40Z] [trigger-router] INFO: Cold start: help guide shown
[2026-03-19T08:40:45Z] [trigger-router] INFO: Cold start: help guide shown
[2026-03-19T08:42:56Z] [trigger-router] INFO: Cold start: help guide shown
[2026-03-19T08:45:35Z] [trigger-router] INFO: Cold start: help guide shown
[2026-03-19T09:30:07Z] [trigger-router] INFO: Cold start: help guide shown
[2026-03-19T10:30:43Z] [trigger-router] INFO: Cold start: help guide shown
[2026-03-19T15:34:02Z] [trigger-router] INFO: Cold start: help guide shown
[2026-03-19T15:50:56Z] [trigger-router] INFO: Cold start: help guide shown
[2026-03-19T15:52:10Z] [trigger-router] INFO: Cold start: help guide shown
[2026-03-19T16:52:33Z] [trigger-router] INFO: Cold start: help guide shown
[2026-03-19T17:53:00Z] [trigger-router] INFO: Cold start: help guide shown
[2026-03-19T19:02:11Z] [trigger-router] INFO: Cold start: help guide shown
[2026-03-19T19:54:00Z] [trigger-router] INFO: Cold start: help guide shown
[2026-03-20T01:03:36Z] [trigger-router] INFO: Cold start: help guide shown
[2026-03-20T01:08:22Z] [trigger-router] INFO: Cold start: help guide shown
[2026-03-20T01:26:02Z] [trigger-router] INFO: Cold start: help guide shown
[2026-03-20T01:30:54Z] [trigger-router] INFO: Cold start: help guide shown
[2026-03-20T01:34:35Z] [trigger-router] INFO: Cold start: help guide shown
[2026-03-20T01:38:28Z] [trigger-router] INFO: Cold start: help guide shown
[2026-03-20T01:45:08Z] [trigger-router] INFO: Cold start: help guide shown
[2026-03-20T03:25:18Z] [trigger-router] INFO: Cold start: help guide shown
[2026-03-20T03:42:47Z] [trigger-router] INFO: Cold start: help guide shown
[2026-03-20T03:45:39Z] [trigger-router] INFO: Cold start: help guide shown
[2026-03-20T04:10:14Z] [trigger-router] INFO: Cold start: help guide shown
[2026-03-20T04:12:51Z] [trigger-router] INFO: Cold start: help guide shown
[2026-03-20T04:22:09Z] [trigger-router] INFO: Cold start: help guide shown
[2026-03-20T04:28:49Z] [trigger-router] INFO: Cold start: help guide shown
[2026-03-20T05:18:18Z] [trigger-router] INFO: Cold start: help guide shown
[2026-03-20T05:52:44Z] [trigger-router] INFO: Cold start: help guide shown
[2026-03-20T05:54:16Z] [trigger-router] INFO: Cold start: help guide shown
[2026-03-20T05:57:47Z] [trigger-router] INFO: Cold start: help guide shown
[2026-03-20T06:46:22Z] [trigger-router] INFO: Cold start: help guide shown
[2026-03-20T07:46:44Z] [trigger-router] INFO: Cold start: help guide shown
[2026-03-20T08:05:22Z] [trigger-router] INFO: Cold start: help guide shown
[2026-03-20T08:06:00Z] [trigger-router] INFO: Cold start: help guide shown
[2026-03-20T08:08:10Z] [trigger-router] INFO: Cold start: help guide shown
[2026-03-20T08:14:15Z] [trigger-router] INFO: Cold start: help guide shown
[2026-03-20T08:29:57Z] [trigger-router] INFO: Cold start: help guide shown
[2026-03-20T08:37:05Z] [trigger-router] INFO: Cold start: help guide shown
[2026-03-20T08:44:54Z] [trigger-router] INFO: Cold start: help guide shown
[2026-03-20T08:48:13Z] [trigger-router] INFO: Cold start: help guide shown
[2026-03-20T09:07:24Z] [trigger-router] INFO: Cold start: help guide shown
[2026-03-20T11:07:45Z] [trigger-router] INFO: Cold start: help guide shown
[2026-03-20T12:08:17Z] [trigger-router] INFO: Cold start: help guide shown
[2026-03-20T14:09:02Z] [trigger-router] INFO: Cold start: help guide shown
[2026-03-20T15:25:44Z] [trigger-router] INFO: Cold start: help guide shown
[2026-03-20T15:39:51Z] [trigger-router] INFO: Cold start: help guide shown
[2026-03-20T16:40:10Z] [trigger-router] INFO: Cold start: help guide shown
[2026-03-20T17:26:47Z] [trigger-router] INFO: Cold start: help guide shown
[2026-03-20T18:13:57Z] [trigger-router] INFO: Cold start: help guide shown
[2026-03-21T08:58:21Z] [trigger-router] INFO: Cold start: help guide shown
[2026-03-21T09:00:36Z] [trigger-router] INFO: Cold start: help guide shown
[2026-03-21T09:00:49Z] [trigger-router] INFO: Cold start: help guide shown
[2026-03-21T09:55:52Z] [trigger-router] INFO: Cold start: help guide shown
[2026-03-21T10:17:15Z] [trigger-router] INFO: Cold start: help guide shown
[2026-03-21T10:17:58Z] [trigger-router] INFO: Cold start: help guide shown
[2026-03-21T10:57:02Z] [trigger-router] INFO: Cold start: help guide shown
[2026-03-21T11:26:52Z] [trigger-router] INFO: Cold start: help guide shown
[2026-03-21T11:29:39Z] [trigger-router] INFO: Cold start: help guide shown
[2026-03-21T11:46:40Z] [trigger-router] INFO: Cold start: help guide shown
[2026-03-21T12:03:09Z] [trigger-router] INFO: Cold start: help guide shown
[2026-03-21T13:53:00Z] [trigger-router] INFO: Cold start: help guide shown
[2026-03-21T13:55:45Z] [trigger-router] INFO: Cold start: help guide shown
[2026-03-21T13:56:40Z] [trigger-router] INFO: Cold start: help guide shown
[2026-03-21T14:14:38Z] [trigger-router] INFO: Cold start: help guide shown
[2026-03-21T14:40:45Z] [trigger-router] INFO: Cold start: help guide shown
[2026-03-21T15:28:11Z] [trigger-router] INFO: Cold start: help guide shown
[2026-03-21T15:28:50Z] [trigger-router] INFO: Cold start: help guide shown
[2026-03-22T06:16:41Z] [trigger-router] INFO: Cold start: help guide shown
[2026-03-22T06:18:12Z] [trigger-router] INFO: Cold start: help guide shown
[2026-03-22T06:18:52Z] [trigger-router] INFO: Cold start: help guide shown
[2026-03-22T06:19:16Z] [trigger-router] INFO: Cold start: help guide shown
[2026-03-22T06:19:49Z] [gate-enforcement] PASS: PASS: Not a Task call (Agent)
[2026-03-22T06:19:49Z] [phase-sequence-validator] PASS: PASS: Not a Task call (Agent)
[2026-03-22T06:21:16Z] [trigger-router] INFO: Cold start: help guide shown
[2026-03-22T06:21:28Z] [gate-enforcement] PASS: PASS: Not a Task call (Agent)
[2026-03-22T06:21:28Z] [phase-sequence-validator] PASS: PASS: Not a Task call (Agent)
[2026-03-22T06:22:16Z] [trigger-router] INFO: Cold start: help guide shown
[2026-03-22T06:22:30Z] [post-agent-hooks] PASS: PASS: Unknown agent, skipping
[2026-03-22T06:22:30Z] [training-status-check] PASS: PASS: Not a training agent
[2026-03-22T06:24:37Z] [trigger-router] INFO: Cold start: help guide shown
[2026-03-22T07:23:45Z] [trigger-router] INFO: Cold start: help guide shown
[2026-03-22T07:25:01Z] [trigger-router] INFO: Cold start: help guide shown
[2026-03-22T07:27:50Z] [trigger-router] INFO: Cold start: help guide shown
[2026-03-22T07:28:06Z] [trigger-router] INFO: Cold start: help guide shown
[2026-03-22T07:28:21Z] [trigger-router] INFO: Cold start: help guide shown
[2026-03-22T07:28:44Z] [trigger-router] INFO: Cold start: help guide shown
[2026-03-22T07:30:02Z] [trigger-router] INFO: Cold start: help guide shown
[2026-03-22T07:32:17Z] [trigger-router] INFO: Cold start: help guide shown
[2026-03-22T07:33:06Z] [trigger-router] INFO: Cold start: help guide shown
[2026-03-22T07:33:45Z] [trigger-router] INFO: Cold start: help guide shown
[2026-03-22T07:34:22Z] [trigger-router] INFO: Cold start: help guide shown
[2026-03-22T07:36:57Z] [post-agent-hooks] PASS: PASS: Unknown agent, skipping
[2026-03-22T07:36:57Z] [training-status-check] PASS: PASS: Not a training agent
[2026-03-22T07:52:48Z] [trigger-router] INFO: Cold start: help guide shown
[2026-03-22T07:57:28Z] [trigger-router] INFO: Cold start: help guide shown
[2026-03-22T08:00:45Z] [trigger-router] INFO: Cold start: help guide shown
[2026-03-22T08:06:01Z] [trigger-router] INFO: Cold start: help guide shown
[2026-03-22T08:06:56Z] [trigger-router] INFO: Cold start: help guide shown
[2026-03-22T08:11:51Z] [trigger-router] INFO: Cold start: help guide shown
[2026-03-22T08:12:06Z] [trigger-router] INFO: Cold start: help guide shown
[2026-03-22T08:12:34Z] [trigger-router] INFO: Cold start: help guide shown
[2026-03-22T08:22:54Z] [trigger-router] INFO: Cold start: help guide shown
[2026-03-22T08:25:14Z] [trigger-router] INFO: Cold start: help guide shown
[2026-03-22T11:21:00Z] [trigger-router] INFO: Cold start: help guide shown
[2026-03-22T11:23:09Z] [post-agent-hooks] PASS: PASS: Unknown agent, skipping
[2026-03-22T11:23:09Z] [training-status-check] PASS: PASS: Not a training agent
[2026-03-22T11:23:09Z] [session-manager] WARN: Session expired after 147.8h (TTL: 24h). Resetting.
[2026-03-22T12:30:11Z] [trigger-router] INFO: Cold start: help guide shown
[2026-03-22T12:34:38Z] [trigger-router] INFO: Cold start: help guide shown
[2026-03-22T13:29:08Z] [trigger-router] INFO: Cold start: help guide shown
[2026-03-22T14:23:00Z] [trigger-router] INFO: Cold start: help guide shown
[2026-03-22T14:25:44Z] [trigger-router] INFO: Cold start: help guide shown
[2026-03-22T14:54:25Z] [trigger-router] INFO: Cold start: help guide shown
[2026-03-22T14:54:25Z] [trigger-router] INFO: Cold start: help guide shown
[2026-03-22T14:54:25Z] [trigger-router] INFO: Cold start: help guide shown
[2026-03-22T14:54:25Z] [trigger-router] INFO: Cold start: help guide shown
[2026-03-22T14:54:25Z] [trigger-router] INFO: Cold start: help guide shown
[2026-03-22T14:54:25Z] [trigger-router] INFO: Cold start: help guide shown
[2026-03-22T14:54:25Z] [trigger-router] INFO: Cold start: help guide shown
[2026-03-22T14:54:31Z] [trigger-router] INFO: Cold start: help guide shown
[2026-03-22T14:56:37Z] [trigger-router] INFO: Cold start: help guide shown
[2026-03-23T00:35:01Z] [trigger-router] INFO: Cold start: help guide shown
[2026-03-23T00:37:31Z] [trigger-router] INFO: Cold start: help guide shown
[2026-03-23T00:37:53Z] [gate-enforcement] PASS: PASS: Not a Task call (Agent)
[2026-03-23T00:37:53Z] [phase-sequence-validator] PASS: PASS: Not a Task call (Agent)
[2026-03-23T00:38:45Z] [post-agent-hooks] PASS: PASS: Unknown agent, skipping
[2026-03-23T00:38:45Z] [training-status-check] PASS: PASS: Not a training agent
[2026-03-23T00:39:58Z] [trigger-router] INFO: Cold start: help guide shown
[2026-03-23T00:40:04Z] [gate-enforcement] PASS: PASS: Not a Task call (Agent)
[2026-03-23T00:40:04Z] [phase-sequence-validator] PASS: PASS: Not a Task call (Agent)
[2026-03-23T00:41:44Z] [post-agent-hooks] PASS: PASS: Unknown agent, skipping
[2026-03-23T00:41:44Z] [training-status-check] PASS: PASS: Not a training agent
[2026-03-23T00:45:17Z] [trigger-router] INFO: Cold start: help guide shown
[2026-03-23T00:46:13Z] [gate-enforcement] PASS: PASS: Not a Task call (Agent)
[2026-03-23T00:46:13Z] [phase-sequence-validator] PASS: PASS: Not a Task call (Agent)
[2026-03-23T00:48:01Z] [post-agent-hooks] PASS: PASS: Unknown agent, skipping
[2026-03-23T00:48:01Z] [training-status-check] PASS: PASS: Not a training agent
[2026-03-23T00:55:45Z] [trigger-router] INFO: Cold start: help guide shown
[2026-03-23T01:02:05Z] [trigger-router] INFO: Cold start: help guide shown
[2026-03-23T02:09:09Z] [trigger-router] INFO: Cold start: help guide shown
[2026-03-23T02:09:09Z] [trigger-router] INFO: Cold start: help guide shown
[2026-03-23T02:09:09Z] [trigger-router] INFO: Cold start: help guide shown
[2026-03-23T04:42:58Z] [trigger-router] INFO: Cold start: help guide shown
[2026-03-23T04:44:45Z] [trigger-router] INFO: Cold start: help guide shown
[2026-03-23T04:55:48Z] [trigger-router] INFO: Cold start: help guide shown
[2026-03-23T05:00:48Z] [trigger-router] INFO: Cold start: help guide shown
[2026-03-23T07:47:13Z] [trigger-router] INFO: Cold start: help guide shown
[2026-03-23T07:53:12Z] [trigger-router] INFO: Cold start: help guide shown
[2026-03-23T07:55:38Z] [trigger-router] INFO: Cold start: help guide shown
[2026-03-23T08:05:03Z] [trigger-router] INFO: Cold start: help guide shown
[2026-03-23T08:05:03Z] [trigger-router] INFO: Cold start: help guide shown
[2026-03-23T08:06:15Z] [trigger-router] INFO: Cold start: help guide shown
[2026-03-23T08:23:03Z] [trigger-router] INFO: Cold start: help guide shown
[2026-03-23T08:25:38Z] [trigger-router] INFO: Cold start: help guide shown
[2026-03-23T09:18:16Z] [trigger-router] INFO: Cold start: help guide shown
[2026-03-23T11:50:09Z] [trigger-router] INFO: Cold start: help guide shown
[2026-03-23T11:50:33Z] [gate-enforcement] PASS: PASS: Not a Task call (Agent)
[2026-03-23T11:50:33Z] [phase-sequence-validator] PASS: PASS: Not a Task call (Agent)
[2026-03-23T11:53:37Z] [post-agent-hooks] PASS: PASS: Unknown agent, skipping
[2026-03-23T11:53:37Z] [training-status-check] PASS: PASS: Not a training agent
[2026-03-23T11:55:03Z] [trigger-router] INFO: Cold start: help guide shown
[2026-03-23T12:12:47Z] [trigger-router] INFO: Cold start: help guide shown
[2026-03-23T12:13:36Z] [gate-enforcement] PASS: PASS: Not a Task call (Agent)
[2026-03-23T12:13:36Z] [phase-sequence-validator] PASS: PASS: Not a Task call (Agent)
[2026-03-23T12:14:24Z] [post-agent-hooks] PASS: PASS: Unknown agent, skipping
[2026-03-23T12:14:24Z] [training-status-check] PASS: PASS: Not a training agent
[2026-03-23T12:16:46Z] [session-manager] WARN: Session expired after 24.9h (TTL: 24h). Resetting.
[2026-03-23T12:22:57Z] [trigger-router] INFO: Cold start: help guide shown
[2026-03-23T12:23:18Z] [trigger-router] INFO: Cold start: help guide shown
[2026-03-23T12:27:09Z] [trigger-router] INFO: Cold start: help guide shown
[2026-03-23T12:40:31Z] [trigger-router] INFO: Cold start: help guide shown
[2026-03-23T13:09:37Z] [trigger-router] INFO: Cold start: help guide shown
[2026-03-23T13:57:34Z] [trigger-router] INFO: Cold start: help guide shown
[2026-03-23T13:58:56Z] [trigger-router] INFO: Cold start: help guide shown
[2026-03-23T13:59:52Z] [trigger-router] INFO: Cold start: help guide shown
[2026-03-23T14:04:08Z] [trigger-router] INFO: Cold start: help guide shown
[2026-03-23T14:04:35Z] [trigger-router] INFO: Cold start: help guide shown
[2026-03-23T14:04:42Z] [trigger-router] INFO: Cold start: help guide shown
[2026-03-23T14:18:49Z] [trigger-router] INFO: Cold start: help guide shown
[2026-03-23T14:21:46Z] [trigger-router] INFO: Cold start: help guide shown
[2026-03-24T01:08:34Z] [trigger-router] INFO: Cold start: help guide shown
[2026-03-24T01:23:33Z] [trigger-router] INFO: Cold start: help guide shown
[2026-03-24T01:27:26Z] [trigger-router] INFO: Cold start: help guide shown
[2026-03-24T01:53:43Z] [trigger-router] INFO: Cold start: help guide shown
[2026-03-24T02:19:26Z] [trigger-router] INFO: Cold start: help guide shown
[2026-03-24T02:46:47Z] [trigger-router] INFO: Cold start: help guide shown
[2026-03-24T02:52:22Z] [trigger-router] INFO: Cold start: help guide shown
[2026-03-24T02:52:31Z] [trigger-router] INFO: Cold start: help guide shown
[2026-03-24T02:55:42Z] [trigger-router] INFO: Cold start: help guide shown
[2026-03-24T03:01:30Z] [trigger-router] INFO: Cold start: help guide shown
[2026-03-24T03:26:48Z] [trigger-router] INFO: Cold start: help guide shown
[2026-03-24T03:40:11Z] [trigger-router] INFO: Cold start: help guide shown
[2026-03-25T02:27:04Z] [trigger-router] INFO: Cold start: help guide shown
[2026-03-25T02:27:28Z] [trigger-router] INFO: Cold start: help guide shown
[2026-03-25T02:28:48Z] [trigger-router] INFO: Cold start: help guide shown
[2026-03-25T02:41:22Z] [trigger-router] INFO: Cold start: help guide shown
[2026-03-25T02:41:38Z] [trigger-router] INFO: Cold start: help guide shown
[2026-03-25T02:45:54Z] [trigger-router] INFO: Cold start: help guide shown
[2026-03-25T02:46:23Z] [trigger-router] INFO: Cold start: help guide shown
[2026-03-25T02:48:48Z] [trigger-router] INFO: Cold start: help guide shown
[2026-03-25T02:51:12Z] [trigger-router] INFO: Cold start: help guide shown
[2026-03-25T02:53:18Z] [trigger-router] INFO: Cold start: help guide shown
[2026-03-25T02:55:02Z] [trigger-router] INFO: Cold start: help guide shown
[2026-03-25T03:20:28Z] [trigger-router] INFO: Cold start: help guide shown
[2026-03-25T03:44:59Z] [trigger-router] INFO: Cold start: help guide shown
[2026-03-25T03:45:29Z] [gate-enforcement] PASS: PASS: Not a Task call (Agent)
[2026-03-25T03:45:29Z] [phase-sequence-validator] PASS: PASS: Not a Task call (Agent)
[2026-03-25T03:52:04Z] [post-agent-hooks] PASS: PASS: Unknown agent, skipping
[2026-03-25T03:52:04Z] [training-status-check] PASS: PASS: Not a training agent
[2026-03-25T03:52:04Z] [trigger-router] INFO: Cold start: help guide shown
[2026-03-25T03:57:02Z] [trigger-router] INFO: Cold start: help guide shown
[2026-03-25T03:57:23Z] [gate-enforcement] PASS: PASS: Not a Task call (Agent)
[2026-03-25T03:57:23Z] [phase-sequence-validator] PASS: PASS: Not a Task call (Agent)
[2026-03-25T04:01:02Z] [post-agent-hooks] PASS: PASS: Unknown agent, skipping
[2026-03-25T04:01:02Z] [training-status-check] PASS: PASS: Not a training agent
[2026-03-25T04:08:53Z] [trigger-router] INFO: Cold start: help guide shown
[2026-03-25T05:22:18Z] [trigger-router] INFO: Cold start: help guide shown
[2026-03-25T05:23:00Z] [phase-sequence-validator] PASS: PASS: Not a Task call (Agent)
[2026-03-25T05:23:00Z] [gate-enforcement] PASS: PASS: Not a Task call (Agent)
[2026-03-25T05:31:14Z] [post-agent-hooks] PASS: PASS: Unknown agent, skipping
[2026-03-25T05:31:14Z] [training-status-check] PASS: PASS: Not a training agent
[2026-03-25T05:40:48Z] [trigger-router] INFO: Cold start: help guide shown
[2026-03-25T05:41:21Z] [gate-enforcement] PASS: PASS: Not a Task call (Agent)
[2026-03-25T05:41:21Z] [phase-sequence-validator] PASS: PASS: Not a Task call (Agent)
[2026-03-25T05:46:20Z] [post-agent-hooks] PASS: PASS: Unknown agent, skipping
[2026-03-25T05:46:20Z] [training-status-check] PASS: PASS: Not a training agent
[2026-03-31T13:01:15Z] [session-manager] WARN: Session expired after 192.7h (TTL: 24h). Resetting.
[2026-03-31T13:02:16Z] [trigger-router] INFO: Cold start: help guide shown
[2026-03-31T13:02:28Z] [gate-enforcement] PASS: PASS: Not a Task call (Agent)
[2026-03-31T13:02:28Z] [phase-sequence-validator] PASS: PASS: Not a Task call (Agent)
[2026-03-31T13:02:32Z] [gate-enforcement] PASS: PASS: Not a Task call (Agent)
[2026-03-31T13:02:32Z] [phase-sequence-validator] PASS: PASS: Not a Task call (Agent)
[2026-03-31T13:04:24Z] [post-agent-hooks] PASS: PASS: Unknown agent, skipping
[2026-03-31T13:04:24Z] [training-status-check] PASS: PASS: Not a training agent
[2026-03-31T13:04:29Z] [post-agent-hooks] PASS: PASS: Unknown agent, skipping
[2026-03-31T13:04:29Z] [training-status-check] PASS: PASS: Not a training agent
[2026-03-31T13:53:12Z] [gate-enforcement] PASS: PASS: Not a Task call (Agent)
[2026-03-31T13:53:12Z] [phase-sequence-validator] PASS: PASS: Not a Task call (Agent)
[2026-03-31T13:53:19Z] [gate-enforcement] PASS: PASS: Not a Task call (Agent)
[2026-03-31T13:53:19Z] [phase-sequence-validator] PASS: PASS: Not a Task call (Agent)
[2026-03-31T13:53:27Z] [gate-enforcement] PASS: PASS: Not a Task call (Agent)
[2026-03-31T13:53:27Z] [phase-sequence-validator] PASS: PASS: Not a Task call (Agent)
[2026-03-31T13:55:28Z] [post-agent-hooks] PASS: PASS: Unknown agent, skipping
[2026-03-31T13:55:28Z] [training-status-check] PASS: PASS: Not a training agent
[2026-03-31T13:55:43Z] [post-agent-hooks] PASS: PASS: Unknown agent, skipping
[2026-03-31T13:55:43Z] [training-status-check] PASS: PASS: Not a training agent
[2026-03-31T13:55:46Z] [post-agent-hooks] PASS: PASS: Unknown agent, skipping
[2026-03-31T13:55:46Z] [training-status-check] PASS: PASS: Not a training agent
[2026-03-31T14:12:46Z] [trigger-router] INFO: Cold start: help guide shown
[2026-03-31T14:14:05Z] [trigger-router] INFO: Cold start: help guide shown
[2026-03-31T15:53:36Z] [trigger-router] INFO: Cold start: help guide shown
[2026-03-31T16:13:07Z] [trigger-router] INFO: Cold start: help guide shown
[2026-03-31T16:54:22Z] [trigger-router] INFO: Cold start: help guide shown
[2026-03-31T18:54:42Z] [trigger-router] INFO: Cold start: help guide shown
[2026-03-31T22:55:10Z] [trigger-router] INFO: Cold start: help guide shown
[2026-04-01T00:02:10Z] [trigger-router] INFO: Cold start: help guide shown
[2026-04-01T00:08:51Z] [trigger-router] INFO: Cold start: help guide shown
[2026-04-01T00:14:10Z] [trigger-router] INFO: Cold start: help guide shown
[2026-04-01T01:12:28Z] [trigger-router] INFO: Cold start: help guide shown
[2026-04-01T01:21:06Z] [trigger-router] INFO: Cold start: help guide shown
[2026-04-01T03:41:45Z] [trigger-router] INFO: Cold start: help guide shown
[2026-04-01T03:41:45Z] [trigger-router] INFO: Cold start: help guide shown
[2026-04-01T03:41:45Z] [trigger-router] INFO: Cold start: help guide shown
[2026-04-01T03:41:45Z] [trigger-router] INFO: Cold start: help guide shown
[2026-04-01T03:41:45Z] [trigger-router] INFO: Cold start: help guide shown
[2026-04-01T03:41:45Z] [trigger-router] INFO: Cold start: help guide shown
[2026-04-01T03:41:45Z] [trigger-router] INFO: Cold start: help guide shown
[2026-04-01T03:41:45Z] [trigger-router] INFO: Cold start: help guide shown
[2026-04-01T03:41:45Z] [trigger-router] INFO: Cold start: help guide shown
[2026-04-01T03:41:45Z] [trigger-router] INFO: Cold start: help guide shown
[2026-04-01T03:41:45Z] [trigger-router] INFO: Cold start: help guide shown
[2026-04-01T03:41:45Z] [trigger-router] INFO: Cold start: help guide shown
[2026-04-01T03:50:19Z] [trigger-router] INFO: Cold start: help guide shown
[2026-04-01T04:00:06Z] [trigger-router] INFO: Cold start: help guide shown
[2026-04-01T04:37:19Z] [trigger-router] INFO: Cold start: help guide shown
[2026-04-01T04:37:55Z] [trigger-router] INFO: Cold start: help guide shown
[2026-04-01T04:38:41Z] [trigger-router] INFO: Cold start: help guide shown
[2026-04-01T04:47:05Z] [trigger-router] INFO: Cold start: help guide shown
[2026-04-01T04:49:16Z] [trigger-router] INFO: Cold start: help guide shown
[2026-04-01T04:51:33Z] [trigger-router] INFO: Cold start: help guide shown
[2026-04-01T04:59:15Z] [trigger-router] INFO: Cold start: help guide shown
[2026-04-01T05:05:21Z] [trigger-router] INFO: Cold start: help guide shown
[2026-04-01T05:41:35Z] [trigger-router] INFO: Cold start: help guide shown
[2026-04-01T09:41:49Z] [trigger-router] INFO: Cold start: help guide shown
[2026-04-01T13:42:37Z] [trigger-router] INFO: Cold start: help guide shown
[2026-04-01T14:47:50Z] [trigger-router] INFO: Cold start: help guide shown
[2026-04-01T15:04:46Z] [trigger-router] INFO: Cold start: help guide shown
[2026-04-01T15:04:46Z] [trigger-router] INFO: Cold start: help guide shown
[2026-04-01T15:04:46Z] [trigger-router] INFO: Cold start: help guide shown
[2026-04-01T15:05:15Z] [trigger-router] INFO: Cold start: help guide shown
[2026-04-01T15:06:21Z] [trigger-router] INFO: Cold start: help guide shown
[2026-04-01T15:07:22Z] [trigger-router] INFO: Cold start: help guide shown
[2026-04-01T15:08:01Z] [trigger-router] INFO: Cold start: help guide shown
[2026-04-01T15:08:23Z] [trigger-router] INFO: Cold start: help guide shown
[2026-04-01T15:09:21Z] [trigger-router] INFO: Cold start: help guide shown
[2026-04-01T15:10:29Z] [trigger-router] INFO: Cold start: help guide shown
[2026-04-01T15:11:30Z] [trigger-router] INFO: Cold start: help guide shown
[2026-04-01T15:19:56Z] [trigger-router] INFO: Cold start: help guide shown
[2026-04-01T15:35:58Z] [trigger-router] INFO: Cold start: help guide shown
[2026-04-01T15:35:58Z] [trigger-router] INFO: Cold start: help guide shown
[2026-04-01T16:19:16Z] [trigger-router] INFO: Cold start: help guide shown
[2026-04-01T16:19:16Z] [trigger-router] INFO: Cold start: help guide shown
[2026-04-01T16:19:16Z] [trigger-router] INFO: Cold start: help guide shown
[2026-04-01T16:19:16Z] [trigger-router] INFO: Cold start: help guide shown
[2026-04-01T16:19:16Z] [trigger-router] INFO: Cold start: help guide shown
[2026-04-01T16:19:16Z] [trigger-router] INFO: Cold start: help guide shown
[2026-04-01T16:19:16Z] [trigger-router] INFO: Cold start: help guide shown
[2026-04-01T16:19:16Z] [trigger-router] INFO: Cold start: help guide shown
[2026-04-01T16:19:16Z] [trigger-router] INFO: Cold start: help guide shown
[2026-04-01T16:19:16Z] [trigger-router] INFO: Cold start: help guide shown
[2026-04-01T16:19:54Z] [trigger-router] INFO: Cold start: help guide shown
[2026-04-01T16:21:47Z] [trigger-router] INFO: Cold start: help guide shown
[2026-04-01T16:23:11Z] [trigger-router] INFO: Cold start: help guide shown
[2026-04-01T16:34:55Z] [trigger-router] INFO: Cold start: help guide shown
[2026-04-01T16:34:55Z] [trigger-router] INFO: Cold start: help guide shown
[2026-04-01T16:39:29Z] [trigger-router] INFO: Cold start: help guide shown
[2026-04-01T16:40:02Z] [trigger-router] INFO: Cold start: help guide shown
[2026-04-01T16:41:04Z] [trigger-router] INFO: Cold start: help guide shown
[2026-04-01T16:42:32Z] [trigger-router] INFO: Cold start: help guide shown
[2026-04-01T16:49:27Z] [trigger-router] INFO: Cold start: help guide shown
[2026-04-01T16:54:29Z] [trigger-router] INFO: Cold start: help guide shown
